[aivora-react.netlify.app/favicon.svg]
[aivora-react.netlify.app/logo192.png]
[aivora-react.netlify.app/manifest.json]
[backblue.gif]
[fade.gif]
[index.html]
[aivora-react.netlify.app/index04b9.html]
[aivora-react.netlify.app/favicon.svg]
[aivora-react.netlify.app/static/js/main.93cfbed9.js]
[aivora-react.netlify.app/static/css/main.c92bd3f8.css]
[aivora-react.netlify.app/static/media/fa-brands-400.176a65f44a88183cf1dc.ttf]
[aivora-react.netlify.app/static/media/fa-light-300.8b18a77be77619201f1a.ttf]
[aivora-react.netlify.app/static/media/fa-regular-400.1fb710c67dcecf785a61.ttf]
[aivora-react.netlify.app/static/media/fa-solid-900.866bbb7a13a33d21b363.ttf]
[aivora-react.netlify.app/static/media/themify.9bad94440d49256265a5.eot]
[aivora-react.netlify.app/static/media/themify.9bad94440d49256265a5d41d.eot]
[aivora-react.netlify.app/static/media/themify.29b39089170885ae2967.woff]
[aivora-react.netlify.app/static/media/themify.eda8b94308c6f538f04a.ttf]
[aivora-react.netlify.app/static/media/themify.f0fc8c798eac5636249c.svg]
[aivora-react.netlify.app/static/media/SportingGrotesque-Regular.8ee8b760c7757c7786f6.woff2]
[aivora-react.netlify.app/static/media/SportingGrotesque-Regular.ea54fe086925fa9c2fd5.woff]
[aivora-react.netlify.app/static/media/SportingGrotesque-Bold.831de8d0936fda4a84cc.woff2]
[aivora-react.netlify.app/static/css/main.c92bd3f8.css]
[aivora-react.netlify.app/static/media/themify.f0fc8c798eac5636249c.svg]
[aivora-react.netlify.app/static/media/SportingGrotesque-Bold.2d6048f7528494f86e4e.woff]
